// Jest Snapshot v1, https://goo.gl/fbAQLP

exports[`PageNotFound.test.js renders as expected 1`] = `
<section
  className="container"
>
  <div
    className="jumbotron"
  >
    <h1
      className="display-1"
    >
      Page not found
    </h1>
    <p
      className="lead"
    >
      404 Error
    </p>
    <p>
      No match for the link 
      <code />
    </p>
  </div>
</section>
`;
